// Jest Snapshot v1, https://goo.gl/fbAQLP

exports[`interrogation Biotronik class should get structured data row from file 1`] = `
Object {
  "birthDate": "1949-07-10",
  "commentary": "Symptom=Prophylactic indication, Aetiology=Dilative cardiomyopathy (ischemic), ECGIndication=QRS widening",
  "generationDate": "2016-12-23T12:15:28",
  "icdClinicDate": "2016-12-23T12:12:00",
  "icdClinicEvaluationBradyProgramming_AMS_FallbackRate_bpm": "DDI",
  "icdClinicEvaluationBradyProgramming_AMS_Rate_bpm": "160",
  "icdClinicEvaluationBradyProgramming_AVDelay_AdaptiveAVDelayStatus": "ON",
  "icdClinicEvaluationBradyProgramming_AVDelay_AdaptivePacedMinimum_ms": "220",
  "icdClinicEvaluationBradyProgramming_AVDelay_AdaptiveRateMaximum_bpm": "130",
  "icdClinicEvaluationBradyProgramming_AVDelay_AdaptiveRateMinimum_bpm": "60",
  "icdClinicEvaluationBradyProgramming_AVDelay_AdaptiveSensedMinimum_ms": "190",
  "icdClinicEvaluationBradyProgramming_AVDelay_Paced_ms": "240",
  "icdClinicEvaluationBradyProgramming_AVDelay_Sensed_ms": "210",
  "icdClinicEvaluationBradyProgramming_AVDelay_VVDelay_ms": "",
  "icdClinicEvaluationBradyProgramming_HysteresisRate_bpm": "60",
  "icdClinicEvaluationBradyProgramming_LowerRate_bpm": "60",
  "icdClinicEvaluationBradyProgramming_Notes": "MSW.Rate =70bpm; MSw mode=DDI;",
  "icdClinicEvaluationBradyProgramming_PMTIntervention": "ON",
  "icdClinicEvaluationBradyProgramming_PVCIntervention": "475",
  "icdClinicEvaluationBradyProgramming_PacingMode": "DDD",
  "icdClinicEvaluationBradyProgramming_Pacing_Chamber_RA": "RA",
  "icdClinicEvaluationBradyProgramming_Pacing_Chamber_RA_Amplitude_volts": "1.5",
  "icdClinicEvaluationBradyProgramming_Pacing_Chamber_RA_Polarity": "B",
  "icdClinicEvaluationBradyProgramming_Pacing_Chamber_RA_PulseWidth_ms": "0.5",
  "icdClinicEvaluationBradyProgramming_Pacing_Chamber_RV": "RV",
  "icdClinicEvaluationBradyProgramming_Pacing_Chamber_RV_Amplitude_volts": "2.2",
  "icdClinicEvaluationBradyProgramming_Pacing_Chamber_RV_Polarity": "B",
  "icdClinicEvaluationBradyProgramming_Pacing_Chamber_RV_PulseWidth_ms": "0.5",
  "icdClinicEvaluationBradyProgramming_Sensing_Chamber_RA": "RA",
  "icdClinicEvaluationBradyProgramming_Sensing_Chamber_RA_Amplitude_millivolts": "0.4",
  "icdClinicEvaluationBradyProgramming_Sensing_Chamber_RA_Polarity": "B",
  "icdClinicEvaluationBradyProgramming_Sensing_Chamber_RV": "RV",
  "icdClinicEvaluationBradyProgramming_Sensing_Chamber_RV_Amplitude_millivolts": "0.8",
  "icdClinicEvaluationBradyProgramming_Sensing_Chamber_RV_BlankingPeriod_ms": "AUTO",
  "icdClinicEvaluationBradyProgramming_Sensing_Chamber_RV_Polarity": "B",
  "icdClinicEvaluationBradyProgramming_TrackingRate_bpm": "130",
  "icdClinicEvaluation_ICDTelemetry_BatteryVoltage_volts": "2.85",
  "icdClinicEvaluation_ICDTelemetry_LastHighVoltageChargeTime_seconds": "16.6",
  "icdClinicEvaluation_ICDTelemetry_LastHighVoltageEnergy": "40",
  "icdClinicEvaluation_ICDTelemetry_LeadImpedanceAtrial": "",
  "icdClinicEvaluation_ICDTelemetry_LeadImpedanceHighVoltage": "",
  "icdClinicEvaluation_ICDTelemetry_LeadImpedanceLeftVentricular": "",
  "icdClinicEvaluation_ICDTelemetry_LeadImpedanceRightVentricular": "",
  "implantDate": "2010-10-25",
  "institutionName": "BIOTRONIK SE & Co. KG",
  "manufacturer": "Biotronik",
  "model": "Lumax 340 DR-T",
  "nameFirst": "ANONYMOUS",
  "nameLast": "ANONYMOUS",
  "schemaVersion": "2.0",
  "serialNumber": "60485754",
}
`;
