// Jest Snapshot v1, https://goo.gl/fbAQLP

exports[`interrogation JtJude class should get structured data from file 1`] = `
Object {
  "id": 100,
  "name": "Programmer Marketing Name",
  "type": "string",
  "value": "Merlin",
}
`;
